<testsuite tests="19">
  <testcase classname="AzureEventIntegration_TEST" name="constructorCoverage" time="176" />
  <testcase classname="AzureEventIntegration_TEST" name="getAccount" time="1950" />
  <testcase classname="AzureEventIntegration_TEST" name="sendEvents" time="73" />
  <testcase classname="CombinedFunctions_TEST" name="createEventsForSection" time="11338" />
  <testcase classname="CombinedFunctions_TEST" name="createRegistrationBatch" time="2540" />
  <testcase classname="CombinedFunctions_TEST" name="getContactsByEmails" time="52" />
  <testcase classname="CombinedFunctions_TEST" name="handleEnrollments" time="3554" />
  <testcase classname="CombinedFunctions_TEST" name="midpointTriggers" time="4009" />
  <testcase classname="CombinedFunctions_TEST" name="overloadEvent" time="5208" />
  <testcase classname="CombinedFunctions_TEST" name="refreshData" time="425" />
  <testcase classname="CombinedFunctions_TEST" name="simpleEmail" time="524" />
  <testcase classname="CreditHelpers_TEST" name="enrollmentReferenceInsert" time="7977" />
  <testcase classname="CreditHelpers_TEST" name="handleStudentEnrollment" time="25" />
  <testcase classname="CreditHelpers_TEST" name="recordTypeTest" time="75" />
  <testcase classname="JsonTest_TEST" name="decode" time="51" />
  <testcase classname="JsonTest_TEST" name="encode" time="32" />
  <testcase classname="MiddlewareIntegration_TEST" name="checkEnrollmentStatus" time="96" />
  <testcase classname="SlateIntegrationBatchTest" name="testMethod1" time="459" />
  <testcase classname="SlateIntegrationBatchTest" name="testMethod2" time="37" />
</testsuite>